// Jest Snapshot v1, https://goo.gl/fbAQLP

exports[`ListItem renders defaultProps 1`] = `
<div
  className="MuiSkeleton-root MuiSkeleton-rect MuiSkeleton-animate"
  ena={true}
  style={
    Object {
      "height": 80,
      "width": "100%",
    }
  }
>
  <li
    className="row"
  >
    <button
      className="btn disabled"
      data-id={1}
      disabled={true}
      onClick={[Function]}
      tabIndex="-1"
    >
      <div
        className="album"
      >
        <img
          alt="Album artwork from track John Doe title."
          className="album__cover"
          height="50"
          src="/john-doe.jpg"
          width="50"
        />
      </div>
      <div
        className="info"
      >
        <h2
          className="info__track"
        >
          John Doe title
        </h2>
        <span
          className="info__artist"
        >
          downloading...
        </span>
        <div
          className="controls"
        >
          <div
            className="progress-bar"
          >
            <div
              className="progress-bar__mask"
              style={
                Object {
                  "transform": "scale(1, 1)",
                }
              }
            >
              <div
                className="progress-bar__progress"
              />
            </div>
            <div
              className="progress-bar__bg"
            />
          </div>
        </div>
      </div>
    </button>
  </li>
</div>
`;
